#START_TS=$(date -d "$(ps -o lstart= -p 1)" +%s)
#END_TS=$((START_TS + 20))
#echo $START_TS
1752200439
#echo $END_TS
1752200459
#journalctl -b -S @$START_TS -U @$END_TS
#find / -name "auth.log" -type f 2>/dev/null | head
/var/log/auth.log
#awk '{print}' /var/log/auth.log | sed 's/\[[0-9]*\]//' | sort -k3
#awk '{print $3}' /var/log/auth.log | sed 's/\[[0-9]*\]//' | sort -k3 | uniq -c | sort -nr | awk '{print $1,$2}'
498 CRON:
8 sshd:
4 systemd-logind:
#awk -F: \'$7=="/usr/sbin/nologin" {print $3 ", " $1}\' /etc/passwd | sort -k1 -nr | while IFS=\', \' read uid username; do        groups=$(id -nG "$username" | tr \' \' ", ");       echo "$uid, $username, $groups";     done
65534, nobody, nogroup
1003, user3, user3,users,newgroup
998, systemd-network, systemd-network
997, systemd-timesync, systemd-timesync
992, systemd-resolve, systemd-resolve
991, polkitd, polkitd
989, fwupd-refresh, fwupd-refresh
109, sshd, nogroup
108, usbmux, plugdev
107, landscape, landscape
105, tcpdump, tcpdump
104, uuidd, uuidd
103, syslog, syslog,adm
101, messagebus, messagebus
42, _apt, nogroup
39, irc, irc
38, list, list
34, backup, backup
33, www-data, www-data
13, proxy, proxy
10, uucp, uucp
9, news, news
8, mail, mail
7, lp, lp
6, man, man
5, games, games
3, sys, sys
2, bin, bin
1, daemon, daemon
#dmesg | grep 'kernel'
[    0.066252] Booting paravirtualized kernel on KVM
[    0.067579] Unknown kernel command line parameters "BOOT_IMAGE=/vmlinuz-6.8.0-55-generic", will be passed to user space.
[    0.181077] Memory: 3933488K/4193760K available (22528K kernel code, 4443K rwdata, 14344K rodata, 4988K init, 4716K bss, 260012K reserved, 0K cma-reserved)
[    0.755615] Loaded X.509 cert 'Build time autogenerated kernel key: e0bedf6fa049a1e09bd65ebab3904f14cdd5bc68'
[    0.918386] Loaded X.509 cert 'Build time autogenerated kernel key: e0bedf6fa049a1e09bd65ebab3904f14cdd5bc68'
[    0.955083] Freeing unused kernel image (initmem) memory: 4988K
[    0.956426] Write protecting the kernel read-only data: 38912k
[    0.958097] Freeing unused kernel image (rodata/data gap) memory: 2040K
[    6.744076] systemd[1]: Listening on systemd-udevd-kernel.socket - udev Kernel Socket.
[    6.830984] systemd[1]: Mounting sys-kernel-debug.mount - Kernel Debug File System...
[    6.846959] systemd[1]: Mounting sys-kernel-tracing.mount - Kernel Trace File System...
#wc -l /var/log/kern.log
21 /var/log/kern.log
#awk '/^Start-Date:/ {start=$0} /^Commandline:/ {cmd=$0} /^End-Date:/ {print cmd "; " start "; " $0; cmd=""; start=""}' /var/log/apt/history.log

